Nothing to build in platform 'proj_2_rtos'

11:27:45 **** Clean-only build of configuration Debug for project rtos_pid ****
make clean 
rm -rf  ./src/main.o ./src/mpu6050.o ./src/platform.o  ./src/main.d ./src/mpu6050.d ./src/platform.d  rtos_pid.elf.size  rtos_pid.elf
' '
11:27:45 **** Incremental Build of configuration Debug for project rtos_pid ****
make all 
'Building file: ../src/main.c'
'Invoking: MicroBlaze gcc compiler'
mb-gcc -Wall -O0 -g3 -c -fmessage-length=0 -MT"src/main.o" -ID:/PSU/Winter_2024/544/P2/ClosedLoopPID-MicroBlazeAXI-FreeRTOS/Robert/proj_2_rtos/export/proj_2_rtos/sw/proj_2_rtos/freertos10_xilinx_domain/bspinclude/include -mlittle-endian -mxl-barrel-shift -mxl-pattern-compare -mno-xl-soft-div -mcpu=v11.0 -mno-xl-soft-mul -Wl,--no-relax -ffunction-sections -fdata-sections -MMD -MP -MF"src/main.d" -MT"src/main.o" -o "src/main.o" "../src/main.c"
'Finished building: ../src/main.c'
' '
'Building file: ../src/mpu6050.c'
'Invoking: MicroBlaze gcc compiler'
mb-gcc -Wall -O0 -g3 -c -fmessage-length=0 -MT"src/mpu6050.o" -ID:/PSU/Winter_2024/544/P2/ClosedLoopPID-MicroBlazeAXI-FreeRTOS/Robert/proj_2_rtos/export/proj_2_rtos/sw/proj_2_rtos/freertos10_xilinx_domain/bspinclude/include -mlittle-endian -mxl-barrel-shift -mxl-pattern-compare -mno-xl-soft-div -mcpu=v11.0 -mno-xl-soft-mul -Wl,--no-relax -ffunction-sections -fdata-sections -MMD -MP -MF"src/mpu6050.d" -MT"src/mpu6050.o" -o "src/mpu6050.o" "../src/mpu6050.c"
'Finished building: ../src/mpu6050.c'
' '
'Building file: ../src/platform.c'
'Invoking: MicroBlaze gcc compiler'
mb-gcc -Wall -O0 -g3 -c -fmessage-length=0 -MT"src/platform.o" -ID:/PSU/Winter_2024/544/P2/ClosedLoopPID-MicroBlazeAXI-FreeRTOS/Robert/proj_2_rtos/export/proj_2_rtos/sw/proj_2_rtos/freertos10_xilinx_domain/bspinclude/include -mlittle-endian -mxl-barrel-shift -mxl-pattern-compare -mno-xl-soft-div -mcpu=v11.0 -mno-xl-soft-mul -Wl,--no-relax -ffunction-sections -fdata-sections -MMD -MP -MF"src/platform.d" -MT"src/platform.o" -o "src/platform.o" "../src/platform.c"
'Finished building: ../src/platform.c'
' '
'Building target: rtos_pid.elf'
'Invoking: MicroBlaze gcc linker'
mb-gcc -Wl,-T -Wl,../src/lscript.ld -LD:/PSU/Winter_2024/544/P2/ClosedLoopPID-MicroBlazeAXI-FreeRTOS/Robert/proj_2_rtos/export/proj_2_rtos/sw/proj_2_rtos/freertos10_xilinx_domain/bsplib/lib -mlittle-endian -mxl-barrel-shift -mxl-pattern-compare -mno-xl-soft-div -mcpu=v11.0 -mno-xl-soft-mul -Wl,--no-relax -Wl,--gc-sections -o "rtos_pid.elf"  ./src/main.o ./src/mpu6050.o ./src/platform.o   -Wl,--start-group,-lxil,-lfreertos,-lgcc,-lc,--end-group
'Finished building target: rtos_pid.elf'
' '
'Invoking: MicroBlaze Print Size'
mb-size rtos_pid.elf  |tee "rtos_pid.elf.size"
   text	   data	    bss	    dec	    hex	filename
  27368	    420	  11092	  38880	   97e0	rtos_pid.elf
'Finished building: rtos_pid.elf.size'
' '
11:27:47 **** Incremental Build of configuration Debug for project rtos_pid_system ****
make all 
Skipping SD card image generation. Reason: "The system project only has applications for microblaze processors."
